    Finished `dev` profile [unoptimized + debuginfo] target(s) in 0.06s
    Finished `test` profile [unoptimized + debuginfo] target(s) in 0.07s
     Running unittests src/lib.rs (target/debug/deps/hud-9620b9c2bfc856d9)

running 39 tests
test action::tests::resolves_action_for_focused_panel_only ... ok
test app::tests::action_launch_uses_injectable_runner ... ok
test cli::tests::parse_config_with_path ... ok
test cli::tests::parse_flags ... ok
test cli::tests::parse_empty_args ... ok
test cli::tests::parse_unknown_argument_returns_error ... ok
test cli::tests::parse_config_without_path_returns_error ... ok
test command::tests::fake_runner_can_stand_in_for_command_execution ... ok
test command::shell_runner_edge_tests::launch_returns_immediately_without_blocking ... ok
test config::tests::missing_config_path_is_clear ... ok
test config::tests::parses_valid_config ... ok
test config::tests::reports_invalid_shapes ... ok
test config::tests::rejects_invalid_action_key ... ok
test config::tests::reports_missing_required_fields ... ok
test panel::tests::directional_focus_matches_four_panel_mission_control_map ... ok
test panel::tests::focus_movement_wraps_deterministically ... ok
test panel::tests::directional_focus_matches_two_column_panel_map ... ok
test panel::tests::focused_panel_selection_clamps_to_output_rows ... ok
test panel::tests::focused_panel_selection_resets_when_output_changes ... ok
test panel::tests::malformed_metrics_json_is_panel_error ... ok
test panel::tests::malformed_table_json_is_panel_error ... ok
test panel::tests::parses_metrics_json_output_at_panel_boundary ... ok
test panel::tests::panel_state_tracks_loading_ready_and_error ... ok
test panel::tests::parses_table_json_output_at_panel_boundary ... ok
test panel::tests::selected_table_row_builds_row_detail_request_and_pushes_view ... ok
test ui::tests::mission_control_layout_requires_room_for_three_instruments ... ok
test panel::tests::unknown_row_placeholder_pushes_row_detail_error ... ok
test ui::tests::table_render_widths_expand_description_column ... ok
test ui::tests::wrapped_line_count_includes_visual_wraps ... ok
test command::tests::shell_runner_reports_timeout ... ok
test command::shell_runner_edge_tests::run_timeout_status_is_timed_out ... ok
test command::tests::shell_runner_preserves_nonzero_exit ... ok
test command::tests::shell_runner_reports_launch_failure ... ok
test command::shell_runner_edge_tests::run_captures_stderr_alongside_nonzero_exit ... ok
test command::shell_runner_edge_tests::run_captures_both_stdout_and_stderr_simultaneously ... ok
test command::shell_runner_edge_tests::run_silent_command_produces_empty_output ... ok
test command::shell_runner_edge_tests::run_concurrent_calls_isolate_temp_files ... ok
test command::tests::shell_runner_captures_stdout ... ok
test command::tests::shell_runner_captures_stderr ... ok

test result: ok. 39 passed; 0 failed; 0 ignored; 0 measured; 0 filtered out; finished in 0.23s

     Running unittests src/main.rs (target/debug/deps/hud-5d0745b6d5624511)

running 0 tests

test result: ok. 0 passed; 0 failed; 0 ignored; 0 measured; 0 filtered out; finished in 0.00s

     Running tests/cli.rs (target/debug/deps/cli-b45e94f19babc734)

running 8 tests
test missing_config_path_exits_nonzero ... ok
test version_exits_successfully ... ok
test config_without_path_exits_nonzero ... ok
test help_exits_successfully ... ok
test demo_check_config_exits_successfully ... ok
test dogfood_check_config_exits_successfully ... ok
test unknown_argument_exits_nonzero ... ok
test kitchen_sink_check_config_exits_successfully ... ok

test result: ok. 8 passed; 0 failed; 0 ignored; 0 measured; 0 filtered out; finished in 0.00s

     Running tests/examples.rs (target/debug/deps/examples-5673d74adc69812b)

running 1 test
test committed_examples_parse_successfully ... ok

test result: ok. 1 passed; 0 failed; 0 ignored; 0 measured; 0 filtered out; finished in 0.00s

     Running unittests examples/compare.rs (target/debug/examples/compare-4b782c343f1a8da5)

running 6 tests
test tests::unsupported_dimensions_report_limits_without_terminal_effects ... ok
test tests::boundary_rejects_unknown_fields_states_and_bad_correspondence ... ok
test tests::supplier_baseline_facts_and_provenance_are_retained ... ok
test tests::inert_text_and_explicit_states_are_not_commands ... ok
test tests::criterion_grouping_and_narrow_identity_are_preserved ... ok
test tests::all_body_words_are_reachable_through_page_paths ... ok

test result: ok. 6 passed; 0 failed; 0 ignored; 0 measured; 0 filtered out; finished in 0.06s

     Running unittests examples/expressive_story.rs (target/debug/examples/expressive_story-23e785147826bc28)

running 8 tests
test tests::candidate_preserves_baseline_wording ... ok
test tests::validates_at_the_boundary_and_rejects_executable_fields ... ok
test tests::scrolling_and_resize_clamp_without_losing_the_end ... ok
test tests::shell_syntax_is_literal_data ... ok
test tests::unicode_preview_has_no_spurious_wide_character_spaces ... ok
test tests::lead_has_real_emphasis_not_only_pattern_names ... ok
test tests::reviewed_author_examples_keep_facts_and_limits_on_the_overview ... ok
test tests::journey_is_readable_and_overflow_is_explicit ... ok

test result: ok. 8 passed; 0 failed; 0 ignored; 0 measured; 0 filtered out; finished in 0.03s

     Running unittests examples/sequence.rs (target/debug/examples/sequence-9b3ce7c71d62e638)

running 14 tests
test tests::fixed_journey_keeps_original_wording ... ok
test tests::review_corrections_preserve_raw_trial_and_restore_only_missing_facts ... ok
test tests::optional_content_is_not_compulsory_template_filler ... ok
test tests::boundary_rejects_invalid_data_not_only_invalid_json ... ok
test tests::unicode_and_shell_looking_prose_are_inert_and_not_corrupted ... ok
test tests::section_rhythm_is_distinct_without_separating_labels_from_detail ... ok
test tests::wrapping_stays_in_item_column_and_scroll_reidentifies_continuation ... ok
test tests::scrolling_resize_and_argument_errors_are_bounded ... ok
test tests::opening_padding_preserves_authored_text_and_body_height ... ok
test tests::oversized_final_paragraph_is_explicit_and_pages_skip_no_body_lines ... ok
test tests::actual_page_paths_expose_every_word_in_both_directions ... ok
test tests::section_landmarks_are_not_stranded_at_the_bottom ... ok
test tests::fitted_negation_is_never_an_unmarked_leading_fragment ... ok
test tests::every_body_line_remains_reachable_with_persistent_scope ... ok

test result: ok. 14 passed; 0 failed; 0 ignored; 0 measured; 0 filtered out; finished in 1.40s

     Running unittests examples/story_preview.rs (target/debug/examples/story_preview-b59a13768f724537)

running 4 tests
test tests::preview_rejects_unknown_fixtures_panels_and_invalid_dimensions ... ok
test tests::comparison_detail_uses_the_production_detail_view ... ok
test tests::fixtures_parse_the_same_payloads_used_by_the_terminal_configs ... ok
test tests::both_audiences_render_at_roomy_and_constrained_sizes ... ok

test result: ok. 4 passed; 0 failed; 0 ignored; 0 measured; 0 filtered out; finished in 0.01s

