docs/assets/authoring-fidelity/run-1/author/drafts/a.compare.json: OK
docs/assets/authoring-fidelity/run-1/author/drafts/b.sequence.json: OK
docs/assets/authoring-fidelity/run-1/author/drafts/c.compare.json: OK
docs/assets/authoring-fidelity/run-1/author/drafts/d.sequence.json: OK
docs/assets/authoring-fidelity/run-1/author/drafts/e.prose.md: OK
docs/assets/authoring-fidelity/run-1/author/evidence/build-inspection-bundles.exit: OK
docs/assets/authoring-fidelity/run-1/author/evidence/build-inspection-bundles.py: OK
docs/assets/authoring-fidelity/run-1/author/evidence/build-inspection-bundles.stderr: OK
docs/assets/authoring-fidelity/run-1/author/evidence/build-inspection-bundles.stdout: OK
docs/assets/authoring-fidelity/run-1/author/evidence/execution-ledger.md: OK
docs/assets/authoring-fidelity/run-1/author/evidence/final/a.72x35.0.command: OK
docs/assets/authoring-fidelity/run-1/author/evidence/final/a.72x35.0.exit: OK
docs/assets/authoring-fidelity/run-1/author/evidence/final/a.72x35.0.stderr: OK
docs/assets/authoring-fidelity/run-1/author/evidence/final/a.72x35.0.stdout: OK
docs/assets/authoring-fidelity/run-1/author/evidence/final/a.72x35.20.command: OK
docs/assets/authoring-fidelity/run-1/author/evidence/final/a.72x35.20.exit: OK
docs/assets/authoring-fidelity/run-1/author/evidence/final/a.72x35.20.stderr: OK
docs/assets/authoring-fidelity/run-1/author/evidence/final/a.72x35.20.stdout: OK
docs/assets/authoring-fidelity/run-1/author/evidence/final/a.72x35.30.command: OK
docs/assets/authoring-fidelity/run-1/author/evidence/final/a.72x35.30.exit: OK
docs/assets/authoring-fidelity/run-1/author/evidence/final/a.72x35.30.stderr: OK
docs/assets/authoring-fidelity/run-1/author/evidence/final/a.72x35.30.stdout: OK
docs/assets/authoring-fidelity/run-1/author/evidence/final/a.72x35.65535.command: OK
docs/assets/authoring-fidelity/run-1/author/evidence/final/a.72x35.65535.exit: OK
docs/assets/authoring-fidelity/run-1/author/evidence/final/a.72x35.65535.stderr: OK
docs/assets/authoring-fidelity/run-1/author/evidence/final/a.72x35.65535.stdout: OK
docs/assets/authoring-fidelity/run-1/author/evidence/final/a.80x24.0.command: OK
docs/assets/authoring-fidelity/run-1/author/evidence/final/a.80x24.0.exit: OK
docs/assets/authoring-fidelity/run-1/author/evidence/final/a.80x24.0.stderr: OK
docs/assets/authoring-fidelity/run-1/author/evidence/final/a.80x24.0.stdout: OK
docs/assets/authoring-fidelity/run-1/author/evidence/final/a.80x24.15.command: OK
docs/assets/authoring-fidelity/run-1/author/evidence/final/a.80x24.15.exit: OK
docs/assets/authoring-fidelity/run-1/author/evidence/final/a.80x24.15.stderr: OK
docs/assets/authoring-fidelity/run-1/author/evidence/final/a.80x24.15.stdout: OK
docs/assets/authoring-fidelity/run-1/author/evidence/final/a.80x24.25.command: OK
docs/assets/authoring-fidelity/run-1/author/evidence/final/a.80x24.25.exit: OK
docs/assets/authoring-fidelity/run-1/author/evidence/final/a.80x24.25.stderr: OK
docs/assets/authoring-fidelity/run-1/author/evidence/final/a.80x24.25.stdout: OK
docs/assets/authoring-fidelity/run-1/author/evidence/final/a.80x24.35.command: OK
docs/assets/authoring-fidelity/run-1/author/evidence/final/a.80x24.35.exit: OK
docs/assets/authoring-fidelity/run-1/author/evidence/final/a.80x24.35.stderr: OK
docs/assets/authoring-fidelity/run-1/author/evidence/final/a.80x24.35.stdout: OK
docs/assets/authoring-fidelity/run-1/author/evidence/final/a.80x24.65535.command: OK
docs/assets/authoring-fidelity/run-1/author/evidence/final/a.80x24.65535.exit: OK
docs/assets/authoring-fidelity/run-1/author/evidence/final/a.80x24.65535.stderr: OK
docs/assets/authoring-fidelity/run-1/author/evidence/final/a.80x24.65535.stdout: OK
docs/assets/authoring-fidelity/run-1/author/evidence/final/a.check.command: OK
docs/assets/authoring-fidelity/run-1/author/evidence/final/a.check.exit: OK
docs/assets/authoring-fidelity/run-1/author/evidence/final/a.check.stderr: OK
docs/assets/authoring-fidelity/run-1/author/evidence/final/a.check.stdout: OK
docs/assets/authoring-fidelity/run-1/author/evidence/final/a.copy.command: OK
docs/assets/authoring-fidelity/run-1/author/evidence/final/a.copy.exit: OK
docs/assets/authoring-fidelity/run-1/author/evidence/final/a.copy.stderr: OK
docs/assets/authoring-fidelity/run-1/author/evidence/final/a.copy.stdout: OK
docs/assets/authoring-fidelity/run-1/author/evidence/final/b.72x35.0.command: OK
docs/assets/authoring-fidelity/run-1/author/evidence/final/b.72x35.0.exit: OK
docs/assets/authoring-fidelity/run-1/author/evidence/final/b.72x35.0.stderr: OK
docs/assets/authoring-fidelity/run-1/author/evidence/final/b.72x35.0.stdout: OK
docs/assets/authoring-fidelity/run-1/author/evidence/final/b.72x35.10.command: OK
docs/assets/authoring-fidelity/run-1/author/evidence/final/b.72x35.10.exit: OK
docs/assets/authoring-fidelity/run-1/author/evidence/final/b.72x35.10.stderr: OK
docs/assets/authoring-fidelity/run-1/author/evidence/final/b.72x35.10.stdout: OK
docs/assets/authoring-fidelity/run-1/author/evidence/final/b.72x35.65535.command: OK
docs/assets/authoring-fidelity/run-1/author/evidence/final/b.72x35.65535.exit: OK
docs/assets/authoring-fidelity/run-1/author/evidence/final/b.72x35.65535.stderr: OK
docs/assets/authoring-fidelity/run-1/author/evidence/final/b.72x35.65535.stdout: OK
docs/assets/authoring-fidelity/run-1/author/evidence/final/b.80x24.0.command: OK
docs/assets/authoring-fidelity/run-1/author/evidence/final/b.80x24.0.exit: OK
docs/assets/authoring-fidelity/run-1/author/evidence/final/b.80x24.0.stderr: OK
docs/assets/authoring-fidelity/run-1/author/evidence/final/b.80x24.0.stdout: OK
docs/assets/authoring-fidelity/run-1/author/evidence/final/b.80x24.10.command: OK
docs/assets/authoring-fidelity/run-1/author/evidence/final/b.80x24.10.exit: OK
docs/assets/authoring-fidelity/run-1/author/evidence/final/b.80x24.10.stderr: OK
docs/assets/authoring-fidelity/run-1/author/evidence/final/b.80x24.10.stdout: OK
docs/assets/authoring-fidelity/run-1/author/evidence/final/b.80x24.65535.command: OK
docs/assets/authoring-fidelity/run-1/author/evidence/final/b.80x24.65535.exit: OK
docs/assets/authoring-fidelity/run-1/author/evidence/final/b.80x24.65535.stderr: OK
docs/assets/authoring-fidelity/run-1/author/evidence/final/b.80x24.65535.stdout: OK
docs/assets/authoring-fidelity/run-1/author/evidence/final/b.check.command: OK
docs/assets/authoring-fidelity/run-1/author/evidence/final/b.check.exit: OK
docs/assets/authoring-fidelity/run-1/author/evidence/final/b.check.stderr: OK
docs/assets/authoring-fidelity/run-1/author/evidence/final/b.check.stdout: OK
docs/assets/authoring-fidelity/run-1/author/evidence/final/b.copy.command: OK
docs/assets/authoring-fidelity/run-1/author/evidence/final/b.copy.exit: OK
docs/assets/authoring-fidelity/run-1/author/evidence/final/b.copy.stderr: OK
docs/assets/authoring-fidelity/run-1/author/evidence/final/b.copy.stdout: OK
docs/assets/authoring-fidelity/run-1/author/evidence/final/c.72x35.0.command: OK
docs/assets/authoring-fidelity/run-1/author/evidence/final/c.72x35.0.exit: OK
docs/assets/authoring-fidelity/run-1/author/evidence/final/c.72x35.0.stderr: OK
docs/assets/authoring-fidelity/run-1/author/evidence/final/c.72x35.0.stdout: OK
docs/assets/authoring-fidelity/run-1/author/evidence/final/c.72x35.20.command: OK
docs/assets/authoring-fidelity/run-1/author/evidence/final/c.72x35.20.exit: OK
docs/assets/authoring-fidelity/run-1/author/evidence/final/c.72x35.20.stderr: OK
docs/assets/authoring-fidelity/run-1/author/evidence/final/c.72x35.20.stdout: OK
docs/assets/authoring-fidelity/run-1/author/evidence/final/c.72x35.35.command: OK
docs/assets/authoring-fidelity/run-1/author/evidence/final/c.72x35.35.exit: OK
docs/assets/authoring-fidelity/run-1/author/evidence/final/c.72x35.35.stderr: OK
docs/assets/authoring-fidelity/run-1/author/evidence/final/c.72x35.35.stdout: OK
docs/assets/authoring-fidelity/run-1/author/evidence/final/c.72x35.45.command: OK
docs/assets/authoring-fidelity/run-1/author/evidence/final/c.72x35.45.exit: OK
docs/assets/authoring-fidelity/run-1/author/evidence/final/c.72x35.45.stderr: OK
docs/assets/authoring-fidelity/run-1/author/evidence/final/c.72x35.45.stdout: OK
docs/assets/authoring-fidelity/run-1/author/evidence/final/c.72x35.65535.command: OK
docs/assets/authoring-fidelity/run-1/author/evidence/final/c.72x35.65535.exit: OK
docs/assets/authoring-fidelity/run-1/author/evidence/final/c.72x35.65535.stderr: OK
docs/assets/authoring-fidelity/run-1/author/evidence/final/c.72x35.65535.stdout: OK
docs/assets/authoring-fidelity/run-1/author/evidence/final/c.80x24.0.command: OK
docs/assets/authoring-fidelity/run-1/author/evidence/final/c.80x24.0.exit: OK
docs/assets/authoring-fidelity/run-1/author/evidence/final/c.80x24.0.stderr: OK
docs/assets/authoring-fidelity/run-1/author/evidence/final/c.80x24.0.stdout: OK
docs/assets/authoring-fidelity/run-1/author/evidence/final/c.80x24.15.command: OK
docs/assets/authoring-fidelity/run-1/author/evidence/final/c.80x24.15.exit: OK
docs/assets/authoring-fidelity/run-1/author/evidence/final/c.80x24.15.stderr: OK
docs/assets/authoring-fidelity/run-1/author/evidence/final/c.80x24.15.stdout: OK
docs/assets/authoring-fidelity/run-1/author/evidence/final/c.80x24.25.command: OK
docs/assets/authoring-fidelity/run-1/author/evidence/final/c.80x24.25.exit: OK
docs/assets/authoring-fidelity/run-1/author/evidence/final/c.80x24.25.stderr: OK
docs/assets/authoring-fidelity/run-1/author/evidence/final/c.80x24.25.stdout: OK
docs/assets/authoring-fidelity/run-1/author/evidence/final/c.80x24.35.command: OK
docs/assets/authoring-fidelity/run-1/author/evidence/final/c.80x24.35.exit: OK
docs/assets/authoring-fidelity/run-1/author/evidence/final/c.80x24.35.stderr: OK
docs/assets/authoring-fidelity/run-1/author/evidence/final/c.80x24.35.stdout: OK
docs/assets/authoring-fidelity/run-1/author/evidence/final/c.80x24.45.command: OK
docs/assets/authoring-fidelity/run-1/author/evidence/final/c.80x24.45.exit: OK
docs/assets/authoring-fidelity/run-1/author/evidence/final/c.80x24.45.stderr: OK
docs/assets/authoring-fidelity/run-1/author/evidence/final/c.80x24.45.stdout: OK
docs/assets/authoring-fidelity/run-1/author/evidence/final/c.80x24.50.command: OK
docs/assets/authoring-fidelity/run-1/author/evidence/final/c.80x24.50.exit: OK
docs/assets/authoring-fidelity/run-1/author/evidence/final/c.80x24.50.stderr: OK
docs/assets/authoring-fidelity/run-1/author/evidence/final/c.80x24.50.stdout: OK
docs/assets/authoring-fidelity/run-1/author/evidence/final/c.80x24.65535.command: OK
docs/assets/authoring-fidelity/run-1/author/evidence/final/c.80x24.65535.exit: OK
docs/assets/authoring-fidelity/run-1/author/evidence/final/c.80x24.65535.stderr: OK
docs/assets/authoring-fidelity/run-1/author/evidence/final/c.80x24.65535.stdout: OK
docs/assets/authoring-fidelity/run-1/author/evidence/final/c.check.command: OK
docs/assets/authoring-fidelity/run-1/author/evidence/final/c.check.exit: OK
docs/assets/authoring-fidelity/run-1/author/evidence/final/c.check.stderr: OK
docs/assets/authoring-fidelity/run-1/author/evidence/final/c.check.stdout: OK
docs/assets/authoring-fidelity/run-1/author/evidence/final/c.copy.command: OK
docs/assets/authoring-fidelity/run-1/author/evidence/final/c.copy.exit: OK
docs/assets/authoring-fidelity/run-1/author/evidence/final/c.copy.stderr: OK
docs/assets/authoring-fidelity/run-1/author/evidence/final/c.copy.stdout: OK
docs/assets/authoring-fidelity/run-1/author/evidence/final/d.72x35.0.command: OK
docs/assets/authoring-fidelity/run-1/author/evidence/final/d.72x35.0.exit: OK
docs/assets/authoring-fidelity/run-1/author/evidence/final/d.72x35.0.stderr: OK
docs/assets/authoring-fidelity/run-1/author/evidence/final/d.72x35.0.stdout: OK
docs/assets/authoring-fidelity/run-1/author/evidence/final/d.72x35.10.command: OK
docs/assets/authoring-fidelity/run-1/author/evidence/final/d.72x35.10.exit: OK
docs/assets/authoring-fidelity/run-1/author/evidence/final/d.72x35.10.stderr: OK
docs/assets/authoring-fidelity/run-1/author/evidence/final/d.72x35.10.stdout: OK
docs/assets/authoring-fidelity/run-1/author/evidence/final/d.72x35.65535.command: OK
docs/assets/authoring-fidelity/run-1/author/evidence/final/d.72x35.65535.exit: OK
docs/assets/authoring-fidelity/run-1/author/evidence/final/d.72x35.65535.stderr: OK
docs/assets/authoring-fidelity/run-1/author/evidence/final/d.72x35.65535.stdout: OK
docs/assets/authoring-fidelity/run-1/author/evidence/final/d.80x24.0.command: OK
docs/assets/authoring-fidelity/run-1/author/evidence/final/d.80x24.0.exit: OK
docs/assets/authoring-fidelity/run-1/author/evidence/final/d.80x24.0.stderr: OK
docs/assets/authoring-fidelity/run-1/author/evidence/final/d.80x24.0.stdout: OK
docs/assets/authoring-fidelity/run-1/author/evidence/final/d.80x24.10.command: OK
docs/assets/authoring-fidelity/run-1/author/evidence/final/d.80x24.10.exit: OK
docs/assets/authoring-fidelity/run-1/author/evidence/final/d.80x24.10.stderr: OK
docs/assets/authoring-fidelity/run-1/author/evidence/final/d.80x24.10.stdout: OK
docs/assets/authoring-fidelity/run-1/author/evidence/final/d.80x24.65535.command: OK
docs/assets/authoring-fidelity/run-1/author/evidence/final/d.80x24.65535.exit: OK
docs/assets/authoring-fidelity/run-1/author/evidence/final/d.80x24.65535.stderr: OK
docs/assets/authoring-fidelity/run-1/author/evidence/final/d.80x24.65535.stdout: OK
docs/assets/authoring-fidelity/run-1/author/evidence/final/d.check.command: OK
docs/assets/authoring-fidelity/run-1/author/evidence/final/d.check.exit: OK
docs/assets/authoring-fidelity/run-1/author/evidence/final/d.check.stderr: OK
docs/assets/authoring-fidelity/run-1/author/evidence/final/d.check.stdout: OK
docs/assets/authoring-fidelity/run-1/author/evidence/final/d.copy.command: OK
docs/assets/authoring-fidelity/run-1/author/evidence/final/d.copy.exit: OK
docs/assets/authoring-fidelity/run-1/author/evidence/final/d.copy.stderr: OK
docs/assets/authoring-fidelity/run-1/author/evidence/final/d.copy.stdout: OK
docs/assets/authoring-fidelity/run-1/author/evidence/final/e.copy.command: OK
docs/assets/authoring-fidelity/run-1/author/evidence/final/e.copy.exit: OK
docs/assets/authoring-fidelity/run-1/author/evidence/final/e.copy.stderr: OK
docs/assets/authoring-fidelity/run-1/author/evidence/final/e.copy.stdout: OK
docs/assets/authoring-fidelity/run-1/author/evidence/final/environment.txt: OK
docs/assets/authoring-fidelity/run-1/author/evidence/final/file-hashes.command: OK
docs/assets/authoring-fidelity/run-1/author/evidence/final/file-hashes.exit: OK
docs/assets/authoring-fidelity/run-1/author/evidence/final/file-hashes.stderr: OK
docs/assets/authoring-fidelity/run-1/author/evidence/final/file-hashes.stdout: OK
docs/assets/authoring-fidelity/run-1/author/evidence/initial/a.72x35.0.command: OK
docs/assets/authoring-fidelity/run-1/author/evidence/initial/a.72x35.0.exit: OK
docs/assets/authoring-fidelity/run-1/author/evidence/initial/a.72x35.0.stderr: OK
docs/assets/authoring-fidelity/run-1/author/evidence/initial/a.72x35.0.stdout: OK
docs/assets/authoring-fidelity/run-1/author/evidence/initial/a.72x35.65535.command: OK
docs/assets/authoring-fidelity/run-1/author/evidence/initial/a.72x35.65535.exit: OK
docs/assets/authoring-fidelity/run-1/author/evidence/initial/a.72x35.65535.stderr: OK
docs/assets/authoring-fidelity/run-1/author/evidence/initial/a.72x35.65535.stdout: OK
docs/assets/authoring-fidelity/run-1/author/evidence/initial/a.80x24.0.command: OK
docs/assets/authoring-fidelity/run-1/author/evidence/initial/a.80x24.0.exit: OK
docs/assets/authoring-fidelity/run-1/author/evidence/initial/a.80x24.0.stderr: OK
docs/assets/authoring-fidelity/run-1/author/evidence/initial/a.80x24.0.stdout: OK
docs/assets/authoring-fidelity/run-1/author/evidence/initial/a.80x24.65535.command: OK
docs/assets/authoring-fidelity/run-1/author/evidence/initial/a.80x24.65535.exit: OK
docs/assets/authoring-fidelity/run-1/author/evidence/initial/a.80x24.65535.stderr: OK
docs/assets/authoring-fidelity/run-1/author/evidence/initial/a.80x24.65535.stdout: OK
docs/assets/authoring-fidelity/run-1/author/evidence/initial/a.check.command: OK
docs/assets/authoring-fidelity/run-1/author/evidence/initial/a.check.exit: OK
docs/assets/authoring-fidelity/run-1/author/evidence/initial/a.check.stderr: OK
docs/assets/authoring-fidelity/run-1/author/evidence/initial/a.check.stdout: OK
docs/assets/authoring-fidelity/run-1/author/evidence/initial/b.72x35.0.command: OK
docs/assets/authoring-fidelity/run-1/author/evidence/initial/b.72x35.0.exit: OK
docs/assets/authoring-fidelity/run-1/author/evidence/initial/b.72x35.0.stderr: OK
docs/assets/authoring-fidelity/run-1/author/evidence/initial/b.72x35.0.stdout: OK
docs/assets/authoring-fidelity/run-1/author/evidence/initial/b.72x35.65535.command: OK
docs/assets/authoring-fidelity/run-1/author/evidence/initial/b.72x35.65535.exit: OK
docs/assets/authoring-fidelity/run-1/author/evidence/initial/b.72x35.65535.stderr: OK
docs/assets/authoring-fidelity/run-1/author/evidence/initial/b.72x35.65535.stdout: OK
docs/assets/authoring-fidelity/run-1/author/evidence/initial/b.80x24.0.command: OK
docs/assets/authoring-fidelity/run-1/author/evidence/initial/b.80x24.0.exit: OK
docs/assets/authoring-fidelity/run-1/author/evidence/initial/b.80x24.0.stderr: OK
docs/assets/authoring-fidelity/run-1/author/evidence/initial/b.80x24.0.stdout: OK
docs/assets/authoring-fidelity/run-1/author/evidence/initial/b.80x24.65535.command: OK
docs/assets/authoring-fidelity/run-1/author/evidence/initial/b.80x24.65535.exit: OK
docs/assets/authoring-fidelity/run-1/author/evidence/initial/b.80x24.65535.stderr: OK
docs/assets/authoring-fidelity/run-1/author/evidence/initial/b.80x24.65535.stdout: OK
docs/assets/authoring-fidelity/run-1/author/evidence/initial/b.check.command: OK
docs/assets/authoring-fidelity/run-1/author/evidence/initial/b.check.exit: OK
docs/assets/authoring-fidelity/run-1/author/evidence/initial/b.check.stderr: OK
docs/assets/authoring-fidelity/run-1/author/evidence/initial/b.check.stdout: OK
docs/assets/authoring-fidelity/run-1/author/evidence/initial/c.72x35.0.command: OK
docs/assets/authoring-fidelity/run-1/author/evidence/initial/c.72x35.0.exit: OK
docs/assets/authoring-fidelity/run-1/author/evidence/initial/c.72x35.0.stderr: OK
docs/assets/authoring-fidelity/run-1/author/evidence/initial/c.72x35.0.stdout: OK
docs/assets/authoring-fidelity/run-1/author/evidence/initial/c.72x35.65535.command: OK
docs/assets/authoring-fidelity/run-1/author/evidence/initial/c.72x35.65535.exit: OK
docs/assets/authoring-fidelity/run-1/author/evidence/initial/c.72x35.65535.stderr: OK
docs/assets/authoring-fidelity/run-1/author/evidence/initial/c.72x35.65535.stdout: OK
docs/assets/authoring-fidelity/run-1/author/evidence/initial/c.80x24.0.command: OK
docs/assets/authoring-fidelity/run-1/author/evidence/initial/c.80x24.0.exit: OK
docs/assets/authoring-fidelity/run-1/author/evidence/initial/c.80x24.0.stderr: OK
docs/assets/authoring-fidelity/run-1/author/evidence/initial/c.80x24.0.stdout: OK
docs/assets/authoring-fidelity/run-1/author/evidence/initial/c.80x24.65535.command: OK
docs/assets/authoring-fidelity/run-1/author/evidence/initial/c.80x24.65535.exit: OK
docs/assets/authoring-fidelity/run-1/author/evidence/initial/c.80x24.65535.stderr: OK
docs/assets/authoring-fidelity/run-1/author/evidence/initial/c.80x24.65535.stdout: OK
docs/assets/authoring-fidelity/run-1/author/evidence/initial/c.check.command: OK
docs/assets/authoring-fidelity/run-1/author/evidence/initial/c.check.exit: OK
docs/assets/authoring-fidelity/run-1/author/evidence/initial/c.check.stderr: OK
docs/assets/authoring-fidelity/run-1/author/evidence/initial/c.check.stdout: OK
docs/assets/authoring-fidelity/run-1/author/evidence/initial/d.72x35.0.command: OK
docs/assets/authoring-fidelity/run-1/author/evidence/initial/d.72x35.0.exit: OK
docs/assets/authoring-fidelity/run-1/author/evidence/initial/d.72x35.0.stderr: OK
docs/assets/authoring-fidelity/run-1/author/evidence/initial/d.72x35.0.stdout: OK
docs/assets/authoring-fidelity/run-1/author/evidence/initial/d.72x35.65535.command: OK
docs/assets/authoring-fidelity/run-1/author/evidence/initial/d.72x35.65535.exit: OK
docs/assets/authoring-fidelity/run-1/author/evidence/initial/d.72x35.65535.stderr: OK
docs/assets/authoring-fidelity/run-1/author/evidence/initial/d.72x35.65535.stdout: OK
docs/assets/authoring-fidelity/run-1/author/evidence/initial/d.80x24.0.command: OK
docs/assets/authoring-fidelity/run-1/author/evidence/initial/d.80x24.0.exit: OK
docs/assets/authoring-fidelity/run-1/author/evidence/initial/d.80x24.0.stderr: OK
docs/assets/authoring-fidelity/run-1/author/evidence/initial/d.80x24.0.stdout: OK
docs/assets/authoring-fidelity/run-1/author/evidence/initial/d.80x24.65535.command: OK
docs/assets/authoring-fidelity/run-1/author/evidence/initial/d.80x24.65535.exit: OK
docs/assets/authoring-fidelity/run-1/author/evidence/initial/d.80x24.65535.stderr: OK
docs/assets/authoring-fidelity/run-1/author/evidence/initial/d.80x24.65535.stdout: OK
docs/assets/authoring-fidelity/run-1/author/evidence/initial/d.check.command: OK
docs/assets/authoring-fidelity/run-1/author/evidence/initial/d.check.exit: OK
docs/assets/authoring-fidelity/run-1/author/evidence/initial/d.check.stderr: OK
docs/assets/authoring-fidelity/run-1/author/evidence/initial/d.check.stdout: OK
docs/assets/authoring-fidelity/run-1/author/evidence/initial/environment.txt: OK
docs/assets/authoring-fidelity/run-1/author/evidence/inspection/a.txt: OK
docs/assets/authoring-fidelity/run-1/author/evidence/inspection/b.txt: OK
docs/assets/authoring-fidelity/run-1/author/evidence/inspection/c.txt: OK
docs/assets/authoring-fidelity/run-1/author/evidence/inspection/d.txt: OK
docs/assets/authoring-fidelity/run-1/author/evidence/inspection/e.txt: OK
docs/assets/authoring-fidelity/run-1/author/evidence/inspection/stream-audit.txt: OK
docs/assets/authoring-fidelity/run-1/author/evidence/middle/a.72x35.20.command: OK
docs/assets/authoring-fidelity/run-1/author/evidence/middle/a.72x35.20.exit: OK
docs/assets/authoring-fidelity/run-1/author/evidence/middle/a.72x35.20.stderr: OK
docs/assets/authoring-fidelity/run-1/author/evidence/middle/a.72x35.20.stdout: OK
docs/assets/authoring-fidelity/run-1/author/evidence/middle/a.72x35.30.command: OK
docs/assets/authoring-fidelity/run-1/author/evidence/middle/a.72x35.30.exit: OK
docs/assets/authoring-fidelity/run-1/author/evidence/middle/a.72x35.30.stderr: OK
docs/assets/authoring-fidelity/run-1/author/evidence/middle/a.72x35.30.stdout: OK
docs/assets/authoring-fidelity/run-1/author/evidence/middle/a.80x24.15.command: OK
docs/assets/authoring-fidelity/run-1/author/evidence/middle/a.80x24.15.exit: OK
docs/assets/authoring-fidelity/run-1/author/evidence/middle/a.80x24.15.stderr: OK
docs/assets/authoring-fidelity/run-1/author/evidence/middle/a.80x24.15.stdout: OK
docs/assets/authoring-fidelity/run-1/author/evidence/middle/a.80x24.25.command: OK
docs/assets/authoring-fidelity/run-1/author/evidence/middle/a.80x24.25.exit: OK
docs/assets/authoring-fidelity/run-1/author/evidence/middle/a.80x24.25.stderr: OK
docs/assets/authoring-fidelity/run-1/author/evidence/middle/a.80x24.25.stdout: OK
docs/assets/authoring-fidelity/run-1/author/evidence/middle/a.80x24.35.command: OK
docs/assets/authoring-fidelity/run-1/author/evidence/middle/a.80x24.35.exit: OK
docs/assets/authoring-fidelity/run-1/author/evidence/middle/a.80x24.35.stderr: OK
docs/assets/authoring-fidelity/run-1/author/evidence/middle/a.80x24.35.stdout: OK
docs/assets/authoring-fidelity/run-1/author/evidence/middle/c.72x35.20.command: OK
docs/assets/authoring-fidelity/run-1/author/evidence/middle/c.72x35.20.exit: OK
docs/assets/authoring-fidelity/run-1/author/evidence/middle/c.72x35.20.stderr: OK
docs/assets/authoring-fidelity/run-1/author/evidence/middle/c.72x35.20.stdout: OK
docs/assets/authoring-fidelity/run-1/author/evidence/middle/c.72x35.35.command: OK
docs/assets/authoring-fidelity/run-1/author/evidence/middle/c.72x35.35.exit: OK
docs/assets/authoring-fidelity/run-1/author/evidence/middle/c.72x35.35.stderr: OK
docs/assets/authoring-fidelity/run-1/author/evidence/middle/c.72x35.35.stdout: OK
docs/assets/authoring-fidelity/run-1/author/evidence/middle/c.72x35.45.command: OK
docs/assets/authoring-fidelity/run-1/author/evidence/middle/c.72x35.45.exit: OK
docs/assets/authoring-fidelity/run-1/author/evidence/middle/c.72x35.45.stderr: OK
docs/assets/authoring-fidelity/run-1/author/evidence/middle/c.72x35.45.stdout: OK
docs/assets/authoring-fidelity/run-1/author/evidence/middle/c.80x24.15.command: OK
docs/assets/authoring-fidelity/run-1/author/evidence/middle/c.80x24.15.exit: OK
docs/assets/authoring-fidelity/run-1/author/evidence/middle/c.80x24.15.stderr: OK
docs/assets/authoring-fidelity/run-1/author/evidence/middle/c.80x24.15.stdout: OK
docs/assets/authoring-fidelity/run-1/author/evidence/middle/c.80x24.25.command: OK
docs/assets/authoring-fidelity/run-1/author/evidence/middle/c.80x24.25.exit: OK
docs/assets/authoring-fidelity/run-1/author/evidence/middle/c.80x24.25.stderr: OK
docs/assets/authoring-fidelity/run-1/author/evidence/middle/c.80x24.25.stdout: OK
docs/assets/authoring-fidelity/run-1/author/evidence/middle/c.80x24.35.command: OK
docs/assets/authoring-fidelity/run-1/author/evidence/middle/c.80x24.35.exit: OK
docs/assets/authoring-fidelity/run-1/author/evidence/middle/c.80x24.35.stderr: OK
docs/assets/authoring-fidelity/run-1/author/evidence/middle/c.80x24.35.stdout: OK
docs/assets/authoring-fidelity/run-1/author/evidence/middle/c.80x24.45.command: OK
docs/assets/authoring-fidelity/run-1/author/evidence/middle/c.80x24.45.exit: OK
docs/assets/authoring-fidelity/run-1/author/evidence/middle/c.80x24.45.stderr: OK
docs/assets/authoring-fidelity/run-1/author/evidence/middle/c.80x24.45.stdout: OK
docs/assets/authoring-fidelity/run-1/author/evidence/middle/environment.txt: OK
docs/assets/authoring-fidelity/run-1/author/evidence/provenance-lengths.exit: OK
docs/assets/authoring-fidelity/run-1/author/evidence/provenance-lengths.stderr: OK
docs/assets/authoring-fidelity/run-1/author/evidence/provenance-lengths.stdout: OK
docs/assets/authoring-fidelity/run-1/author/evidence/r1/a.72x35.0.command: OK
docs/assets/authoring-fidelity/run-1/author/evidence/r1/a.72x35.0.exit: OK
docs/assets/authoring-fidelity/run-1/author/evidence/r1/a.72x35.0.stderr: OK
docs/assets/authoring-fidelity/run-1/author/evidence/r1/a.72x35.0.stdout: OK
docs/assets/authoring-fidelity/run-1/author/evidence/r1/a.72x35.65535.command: OK
docs/assets/authoring-fidelity/run-1/author/evidence/r1/a.72x35.65535.exit: OK
docs/assets/authoring-fidelity/run-1/author/evidence/r1/a.72x35.65535.stderr: OK
docs/assets/authoring-fidelity/run-1/author/evidence/r1/a.72x35.65535.stdout: OK
docs/assets/authoring-fidelity/run-1/author/evidence/r1/a.80x24.0.command: OK
docs/assets/authoring-fidelity/run-1/author/evidence/r1/a.80x24.0.exit: OK
docs/assets/authoring-fidelity/run-1/author/evidence/r1/a.80x24.0.stderr: OK
docs/assets/authoring-fidelity/run-1/author/evidence/r1/a.80x24.0.stdout: OK
docs/assets/authoring-fidelity/run-1/author/evidence/r1/a.80x24.65535.command: OK
docs/assets/authoring-fidelity/run-1/author/evidence/r1/a.80x24.65535.exit: OK
docs/assets/authoring-fidelity/run-1/author/evidence/r1/a.80x24.65535.stderr: OK
docs/assets/authoring-fidelity/run-1/author/evidence/r1/a.80x24.65535.stdout: OK
docs/assets/authoring-fidelity/run-1/author/evidence/r1/a.check.command: OK
docs/assets/authoring-fidelity/run-1/author/evidence/r1/a.check.exit: OK
docs/assets/authoring-fidelity/run-1/author/evidence/r1/a.check.stderr: OK
docs/assets/authoring-fidelity/run-1/author/evidence/r1/a.check.stdout: OK
docs/assets/authoring-fidelity/run-1/author/evidence/r1/b.72x35.10.command: OK
docs/assets/authoring-fidelity/run-1/author/evidence/r1/b.72x35.10.exit: OK
docs/assets/authoring-fidelity/run-1/author/evidence/r1/b.72x35.10.stderr: OK
docs/assets/authoring-fidelity/run-1/author/evidence/r1/b.72x35.10.stdout: OK
docs/assets/authoring-fidelity/run-1/author/evidence/r1/b.80x24.10.command: OK
docs/assets/authoring-fidelity/run-1/author/evidence/r1/b.80x24.10.exit: OK
docs/assets/authoring-fidelity/run-1/author/evidence/r1/b.80x24.10.stderr: OK
docs/assets/authoring-fidelity/run-1/author/evidence/r1/b.80x24.10.stdout: OK
docs/assets/authoring-fidelity/run-1/author/evidence/r1/c.72x35.0.command: OK
docs/assets/authoring-fidelity/run-1/author/evidence/r1/c.72x35.0.exit: OK
docs/assets/authoring-fidelity/run-1/author/evidence/r1/c.72x35.0.stderr: OK
docs/assets/authoring-fidelity/run-1/author/evidence/r1/c.72x35.0.stdout: OK
docs/assets/authoring-fidelity/run-1/author/evidence/r1/c.72x35.65535.command: OK
docs/assets/authoring-fidelity/run-1/author/evidence/r1/c.72x35.65535.exit: OK
docs/assets/authoring-fidelity/run-1/author/evidence/r1/c.72x35.65535.stderr: OK
docs/assets/authoring-fidelity/run-1/author/evidence/r1/c.72x35.65535.stdout: OK
docs/assets/authoring-fidelity/run-1/author/evidence/r1/c.80x24.0.command: OK
docs/assets/authoring-fidelity/run-1/author/evidence/r1/c.80x24.0.exit: OK
docs/assets/authoring-fidelity/run-1/author/evidence/r1/c.80x24.0.stderr: OK
docs/assets/authoring-fidelity/run-1/author/evidence/r1/c.80x24.0.stdout: OK
docs/assets/authoring-fidelity/run-1/author/evidence/r1/c.80x24.65535.command: OK
docs/assets/authoring-fidelity/run-1/author/evidence/r1/c.80x24.65535.exit: OK
docs/assets/authoring-fidelity/run-1/author/evidence/r1/c.80x24.65535.stderr: OK
docs/assets/authoring-fidelity/run-1/author/evidence/r1/c.80x24.65535.stdout: OK
docs/assets/authoring-fidelity/run-1/author/evidence/r1/c.check.command: OK
docs/assets/authoring-fidelity/run-1/author/evidence/r1/c.check.exit: OK
docs/assets/authoring-fidelity/run-1/author/evidence/r1/c.check.stderr: OK
docs/assets/authoring-fidelity/run-1/author/evidence/r1/c.check.stdout: OK
docs/assets/authoring-fidelity/run-1/author/evidence/r1/d.72x35.10.command: OK
docs/assets/authoring-fidelity/run-1/author/evidence/r1/d.72x35.10.exit: OK
docs/assets/authoring-fidelity/run-1/author/evidence/r1/d.72x35.10.stderr: OK
docs/assets/authoring-fidelity/run-1/author/evidence/r1/d.72x35.10.stdout: OK
docs/assets/authoring-fidelity/run-1/author/evidence/r1/d.80x24.10.command: OK
docs/assets/authoring-fidelity/run-1/author/evidence/r1/d.80x24.10.exit: OK
docs/assets/authoring-fidelity/run-1/author/evidence/r1/d.80x24.10.stderr: OK
docs/assets/authoring-fidelity/run-1/author/evidence/r1/d.80x24.10.stdout: OK
docs/assets/authoring-fidelity/run-1/author/evidence/r1/environment.txt: OK
docs/assets/authoring-fidelity/run-1/author/evidence/run-initial.exit: OK
docs/assets/authoring-fidelity/run-1/author/evidence/run-initial.sh: OK
docs/assets/authoring-fidelity/run-1/author/evidence/run-initial.stderr: OK
docs/assets/authoring-fidelity/run-1/author/evidence/run-initial.stdout: OK
docs/assets/authoring-fidelity/run-1/author/evidence/run-middle.exit: OK
docs/assets/authoring-fidelity/run-1/author/evidence/run-middle.sh: OK
docs/assets/authoring-fidelity/run-1/author/evidence/run-middle.stderr: OK
docs/assets/authoring-fidelity/run-1/author/evidence/run-middle.stdout: OK
docs/assets/authoring-fidelity/run-1/author/evidence/run-r1.exit: OK
docs/assets/authoring-fidelity/run-1/author/evidence/run-r1.sh: OK
docs/assets/authoring-fidelity/run-1/author/evidence/run-r1.stderr: OK
docs/assets/authoring-fidelity/run-1/author/evidence/run-r1.stdout: OK
docs/assets/authoring-fidelity/run-1/author/evidence/submit-and-preview.exit: OK
docs/assets/authoring-fidelity/run-1/author/evidence/submit-and-preview.sh: OK
docs/assets/authoring-fidelity/run-1/author/evidence/submit-and-preview.stderr: OK
docs/assets/authoring-fidelity/run-1/author/evidence/submit-and-preview.stdout: OK
docs/assets/authoring-fidelity/run-1/author/final/a.compare.json: OK
docs/assets/authoring-fidelity/run-1/author/final/b.sequence.json: OK
docs/assets/authoring-fidelity/run-1/author/final/c.compare.json: OK
docs/assets/authoring-fidelity/run-1/author/final/d.sequence.json: OK
docs/assets/authoring-fidelity/run-1/author/final/e.prose.md: OK
docs/assets/authoring-fidelity/run-1/author/inspection-and-repairs.md: OK
docs/assets/authoring-fidelity/run-1/author/intent-and-plan.md: OK
docs/assets/authoring-fidelity/run-1/author/report.md: OK
docs/assets/authoring-fidelity/run-1/author/revisions/r1/a.compare.json: OK
docs/assets/authoring-fidelity/run-1/author/revisions/r1/c.compare.json: OK
docs/assets/authoring-fidelity/run-1/author/revisions/r2/a.compare.json: OK
docs/assets/authoring-fidelity/run-1/author/revisions/r2/c.compare.json: OK
docs/assets/authoring-fidelity/run-1/author-launch.sh: OK
docs/assets/authoring-fidelity/run-1/author-stderr.log: OK
docs/assets/authoring-fidelity/run-1/author.exit: OK
docs/assets/authoring-fidelity/run-1/trace/2026-09-09T21-40-03-277Z_01a0881d-184d-7311-ba68-24395e807b4a.jsonl.gz: OK
docs/assets/authoring-fidelity/run-1/trace/author-events.jsonl.gz: OK
