docs/assets/authoring-fidelity/run-1/author-prompt.md: OK
docs/assets/authoring-fidelity/run-1/evaluator-ledger.md: OK
docs/assets/authoring-fidelity/run-1/fact-packets/a.txt: OK
docs/assets/authoring-fidelity/run-1/fact-packets/b.txt: OK
docs/assets/authoring-fidelity/run-1/fact-packets/c.txt: OK
docs/assets/authoring-fidelity/run-1/fact-packets/d.txt: OK
docs/assets/authoring-fidelity/run-1/fact-packets/e.txt: OK
docs/assets/authoring-fidelity/run-1/frozen/Cargo.lock: OK
docs/assets/authoring-fidelity/run-1/frozen/Cargo.toml: OK
docs/assets/authoring-fidelity/run-1/frozen/examples/compare-access.json: OK
docs/assets/authoring-fidelity/run-1/frozen/examples/compare-suppliers.json: OK
docs/assets/authoring-fidelity/run-1/frozen/examples/compare.rs: OK
docs/assets/authoring-fidelity/run-1/frozen/examples/sequence-intake.json: OK
docs/assets/authoring-fidelity/run-1/frozen/examples/sequence-observatory.json: OK
docs/assets/authoring-fidelity/run-1/frozen/examples/sequence-suppliers.txt: OK
docs/assets/authoring-fidelity/run-1/frozen/examples/sequence.rs: OK
docs/assets/authoring-fidelity/run-1/frozen/skills/hud/compare.md: OK
docs/assets/authoring-fidelity/run-1/frozen/skills/hud/sequence.md: OK
docs/assets/authoring-fidelity/run-1/frozen/src/action.rs: OK
docs/assets/authoring-fidelity/run-1/frozen/src/app.rs: OK
docs/assets/authoring-fidelity/run-1/frozen/src/cli.rs: OK
docs/assets/authoring-fidelity/run-1/frozen/src/command.rs: OK
docs/assets/authoring-fidelity/run-1/frozen/src/config.rs: OK
docs/assets/authoring-fidelity/run-1/frozen/src/lib.rs: OK
docs/assets/authoring-fidelity/run-1/frozen/src/main.rs: OK
docs/assets/authoring-fidelity/run-1/frozen/src/panel.rs: OK
docs/assets/authoring-fidelity/run-1/frozen/src/ui.rs: OK
docs/assets/authoring-fidelity/run-1/pre-run-brief.md: OK
docs/assets/authoring-fidelity/run-1/protected-checkpoint.json: OK
