
  Work-lamp hire for the indoor repair day

  Fictional emails; not live or independently verified.
  18 October 2026 / one day / four-lamp set / GBP

  ──── Battery operation
  Is battery operation supported, and with what runtime limits?
  Larch Hire    UNAVAILABLE · not available
  │             Battery operation is explicitly unavailable for this
  │             set; mains power is required.
  Moss Hire     Available; quoted runtime up to 3 hours at half
  │             brightness.
  │             This is not a full-brightness runtime.
  Reed Hire     UNKNOWN · not supplied
  │             Whether this set supports battery operation is not
  │             supplied.

  ──── Cable length
  What cable length is supplied?
  Larch Hire    UNKNOWN · not supplied
  │             Cable length is not supplied.
  Moss Hire     5 metres per lamp
  Reed Hire     4 metres per lamp

  ──── Other hire terms
  What deposits, damage excesses and replacement-lamp availability are
  supplied?
  Larch Hire    UNKNOWN · not supplied
  │             Deposit amount, damage excess and replacement-lamp
  │             availability are not supplied.
  Moss Hire     UNKNOWN · not supplied
  │             Deposit amount, damage excess and replacement-lamp
  │             availability are not supplied.
  MORE below | line 31/61 | j/k PgDn Home/End | q quit
