
  Temporary reading-collection offers

  Fictional offers; not live or independently verified.
  2 Nov 2026 offers / same 60 named books, same school / EUR

  ──── Renewal
  Is renewal permitted, with what limits and charge?
  Bracken Library    One renewal of up to 7 calendar days permitted
  │                  only if no other school has reserved the
  │                  collection.
  │                  Renewal charge is not supplied; the conditional
  │                  renewal is not established as secured.
  Willow Library     UNAVAILABLE · not available
  │                  Renewal is explicitly unavailable for this
  │                  collection.

  ──── Other terms
  What lost-book charges, late fees and weekend contact arrangements
  are supplied?
  Bracken Library    UNKNOWN · not supplied
  │                  Lost-book charges, late fees and weekend contact
  │                  arrangements are not supplied.
  Willow Library     UNKNOWN · not supplied
  │                  Lost-book charges, late fees and weekend contact
  │                  arrangements are not supplied.








  END | line 51/70 | j/k PgDn Home/End | q quit
