
  Temporary reading-collection offers

  Fictional offers; not live or independently verified.
  2 Nov 2026 offers / same 60 named books, same school / EUR

  ──── Quoted loan
  What loan charge and period are quoted?
  Bracken Library    90 EUR for the first 28 calendar days only.
  │                  The date on which the 28-day loan period starts is not
  │                  supplied.
  Willow Library     110 EUR for the first 28 calendar days only.
  │                  The date on which the 28-day loan period starts is not
  │                  supplied.

  ──── Readiness wording
  What does the offer say about readiness, and what does that establish?
  Bracken Library    Offer wording: "ready on 9 November".
  │                  The source does not define "ready". This date does not
  │                  establish school receipt or permission to put the books
  │                  into circulation.
  Willow Library     Offer wording: "ready on 10 November".
  │                  The source does not define "ready". This date does not
  MORE below: answer/section continues | line 11/64 | j/k | q
