
  Selected greenhouse notebook entries

  Fictional copied notes; not live or independently verified.
  6 December 2026 / local times / selected observations

  01 │  Attendant Nia recorded the display reading, not an
     │  independently checked air temperature.
     │
  02 ●  Approximately 08:20 — Omar wrote that he closed the west vent
     │  Caretaker Omar's exact closure time and the vent's prior
     │  opening width were not supplied. This is a report of an
     │  action, not proof of its effect.
     │
  03 ●  08:50 — Nia recorded the same west-bench display reading 15
     │  degrees Celsius
     │  No comparison reading from another bench was supplied.
     │
  04 ●  09:10 — Eli recorded requesting a sensor check for 7 December,
     │  the next day
     │  Coordinator Eli's request does not establish that a check was
     │  scheduled, performed or completed.


  ──── Background and sources
  The notes do not establish why the display reading changed, whether
  closing the vent caused any change, or whether the sensor was
  accurate.

  They do not establish the current greenhouse temperature or vent
  position. No target temperature, alarm threshold or instruction to
  repeat the vent action is supplied.


  END | line 9/34 | j/k PgDn Home/End | q quit
