
  Work-lamp hire for the indoor repair day

  Fictional emails; not live or independently verified.
  18 October 2026 / one day / four-lamp set / GBP

  ──── Cable length
  What cable length is supplied?
  Larch Hire    UNKNOWN · not supplied
  │             Cable length is not supplied.
  Moss Hire     5 metres per lamp
  Reed Hire     4 metres per lamp

  ──── Other hire terms
  What deposits, damage excesses and replacement-lamp availability are
  supplied?
  Larch Hire    UNKNOWN · not supplied
  │             Deposit amount, damage excess and replacement-lamp
  │             availability are not supplied.
  Moss Hire     UNKNOWN · not supplied
  │             Deposit amount, damage excess and replacement-lamp
  │             availability are not supplied.
  Reed Hire     UNKNOWN · not supplied
  │             Deposit amount, damage excess and replacement-lamp
  │             availability are not supplied.









  END | line 43/61 | j/k PgDn Home/End | q quit
