
  Work-lamp hire for the indoor repair day

  Fictional emails; not live or independently verified.
  18 October 2026 / one day / four-lamp set / GBP

  ──── Fulfillment
  When and on what terms is collection or delivery offered?
  Larch Hire    Collection from its depot on the morning of 18
  │             October.
  Moss Hire     Collection from its depot on the evening of 17
  │             October.
  │             Hire covers 18 October only.
  Reed Hire     Delivery on 18 October only if the organizer confirms
  │             by 12:00 local time on 15 October.
  │             Delivery charge is not supplied; final delivered total
  │             is unknown.

  ──── Battery operation
  Is battery operation supported, and with what runtime limits?
  Larch Hire    UNAVAILABLE · not available
  │             Battery operation is explicitly unavailable for this
  │             set; mains power is required.
  Moss Hire     Available; quoted runtime up to 3 hours at half
  │             brightness.
  │             This is not a full-brightness runtime.
  Reed Hire     UNKNOWN · not supplied
  │             Whether this set supports battery operation is not
  │             supplied.

  ──── Cable length
  What cable length is supplied?
  Larch Hire    UNKNOWN · not supplied
  │             Cable length is not supplied.
  MORE below | line 19/61 | j/k PgDn Home/End | q quit
