
  Release one paper proof envelope

  Fictional training; not live guidance; no step executed.
  21 October 2026 / complete supplied single-path procedure

  02 │
  03 ●  Obtain the supervisor's initials in the release box on the blue job
     │  card
     │  Initials in the comments box do not constitute release permission. The
     │  packet does not say approval has been granted.
     │
  04 ●  Only after the release-box initials are present, place the envelope in
     │  the collection tray
     │  Do not place it there before that permission is recorded. The
     │  collection tray is inside the print room, not the public counter.
     │
  05 ●  Enter the actual placement time in the paper handover log, using local
     │  24-hour time
     │  This log entry reports placement in the tray, not client collection.
     │  No placement time or client collection time is supplied; do not invent
     │  either.

  END | line 15/30 | j/k PgDn Home/End | q quit
