
  Selected greenhouse notebook entries

  Fictional copied notes; not live or independently verified.
  6 December 2026 / local times / selected observations

  Help the greenhouse coordinator understand the supplied order of
  selected notes, not a complete incident record or a procedure for
  changing equipment.


  ──── Chronology · not causation
  01 ●  08:05 — Nia recorded a west-bench display reading of 12
     │  degrees Celsius
     │  Attendant Nia recorded the display reading, not an
     │  independently checked air temperature.
     │
  02 ●  Approximately 08:20 — Omar wrote that he closed the west vent
     │  Caretaker Omar's exact closure time and the vent's prior
     │  opening width were not supplied. This is a report of an
     │  action, not proof of its effect.
     │
  03 ●  08:50 — Nia recorded the same west-bench display reading 15
     │  degrees Celsius
     │  No comparison reading from another bench was supplied.
     │
  04 ●  09:10 — Eli recorded requesting a sensor check for 7 December,
     │  the next day
     │  Coordinator Eli's request does not establish that a check was
     │  scheduled, performed or completed.


  ──── Background and sources
  The notes do not establish why the display reading changed, whether
  MORE below: paragraph continues | line 1/34 | j/k | q
