
  Temporary reading-collection offers

  Fictional offers; not live or independently verified.
  2 Nov 2026 offers / same 60 named books, same school / EUR

  ──── Return carriage
  Is return carriage offered, at what charge and under what
  conditions?
  Bracken Library    UNAVAILABLE · not available
  │                  Explicitly not offered by Bracken. The school
  │                  must arrange return carriage separately; its cost
  │                  is not supplied.
  Willow Library     Offered for 18 EUR only when booked at least 2
  │                  working days before the loan ends.
  │                  Whether that condition can be met is not
  │                  supplied; return carriage is not established as
  │                  secured.

  ──── Renewal
  Is renewal permitted, with what limits and charge?
  Bracken Library    One renewal of up to 7 calendar days permitted
  │                  only if no other school has reserved the
  │                  collection.
  │                  Renewal charge is not supplied; the conditional
  │                  renewal is not established as secured.
  Willow Library     UNAVAILABLE · not available
  │                  Renewal is explicitly unavailable for this
  │                  collection.

  ──── Other terms
  What lost-book charges, late fees and weekend contact arrangements
  are supplied?
  Bracken Library    UNKNOWN · not supplied
  MORE below: answer/section continues | line 38/70 | j/k | q
