
  Release one paper proof envelope

  Fictional training; not live guidance; no step executed.
  21 October 2026 / complete supplied single-path procedure

  Help the print-room volunteer follow the mandatory supplied order
  for one paper proof envelope, not a production print run. No
  alternate route is supplied.


  ──── Procedure · not execution status
  01 ●  Copy the job identifier from the blue job card onto the
     │  envelope
     │  Copy it exactly; do not substitute the client's name. No
     │  actual identifier is supplied in this fictional packet.
     │
  02 ●  Count the enclosed proof sheets and write the count on that
     │  same envelope
     │  Count blank sheets as well as printed ones. No expected sheet
     │  count is supplied.
     │
  03 ●  Obtain the supervisor's initials in the release box on the
     │  blue job card
     │  Initials in the comments box do not constitute release
     │  permission. The packet does not say approval has been granted.
     │
  04 ●  Only after the release-box initials are present, place the
     │  envelope in the collection tray
     │  Do not place it there before that permission is recorded. The
     │  collection tray is inside the print room, not the public
     │  counter.
     │
  05 ●  Enter the actual placement time in the paper handover log,
  MORE below: paragraph continues | line 1/32 | j/k | q
