
  Work-lamp hire for the indoor repair day

  Fictional emails; not live or independently verified.
  18 October 2026 / one day / four-lamp set / GBP

  Help the community workshop organizer inspect price, fulfillment and
  power access. Source order is not preference; no option is selected
  or order placed. No power-outlet survey or brightness measurements
  are supplied: do not infer equal light output or a cheapest usable
  setup. Collection is not established as free.


  ──── Compare · same questions · no ranking

  ──── Quoted hire
  What is quoted for the four-lamp set for one day?
  Larch Hire    48 GBP
  Moss Hire     62 GBP
  Reed Hire     75 GBP
  │             Delivery charge is not supplied; final delivered total
  │             is unknown.

  ──── Fulfillment
  When and on what terms is collection or delivery offered?
  Larch Hire    Collection from its depot on the morning of 18
  │             October.
  Moss Hire     Collection from its depot on the evening of 17
  │             October.
  │             Hire covers 18 October only.
  Reed Hire     Delivery on 18 October only if the organizer confirms
  │             by 12:00 local time on 15 October.
  │             Delivery charge is not supplied; final delivered total
  │             is unknown.
  MORE below | line 1/60 | j/k PgDn Home/End | q quit
