a.copy exit=0
b.copy exit=0
c.copy exit=0
d.copy exit=0
e.copy exit=0
a.check exit=0
a.72x35.0 exit=0
a.72x35.20 exit=0
a.72x35.30 exit=0
a.72x35.65535 exit=0
a.80x24.0 exit=0
a.80x24.15 exit=0
a.80x24.25 exit=0
a.80x24.35 exit=0
a.80x24.65535 exit=0
b.check exit=0
b.72x35.0 exit=0
b.72x35.10 exit=0
b.72x35.65535 exit=0
b.80x24.0 exit=0
b.80x24.10 exit=0
b.80x24.65535 exit=0
c.check exit=0
c.72x35.0 exit=0
c.72x35.20 exit=0
c.72x35.35 exit=0
c.72x35.45 exit=0
c.72x35.65535 exit=0
c.80x24.0 exit=0
c.80x24.15 exit=0
c.80x24.25 exit=0
c.80x24.35 exit=0
c.80x24.45 exit=0
c.80x24.50 exit=0
c.80x24.65535 exit=0
d.check exit=0
d.72x35.0 exit=0
d.72x35.10 exit=0
d.72x35.65535 exit=0
d.80x24.0 exit=0
d.80x24.10 exit=0
d.80x24.65535 exit=0
file-hashes exit=0
